// Jest Snapshot v1, https://goo.gl/fbAQLP

exports[`basic snapshot with some optional props 1`] = `
<button
  className="sc-bdnxRM dwNRSz"
/>
`;
